<?xml version='1.0' encoding='utf-8'?>
<results><duplicates><duplicate><url>http://news.liga.net/news/world/14922752-mid_italii_vyrazil_protest_frantsii.htm</url><duplication_percentage>66</duplication_percentage></duplicate></duplicates></results>